// Jest Snapshot v1, https://goo.gl/fbAQLP

exports[`MultiSlider.js matches the snapshot 1`] = `
<div
  className="css-1i6y0pe"
  onClick={[Function]}
  onMouseDown={[Function]}
  onMouseLeave={[Function]}
  onMouseMove={[Function]}
  onMouseUp={[Function]}
  readOnly={false}
>
  <div
    className="css-1mxp4l8 progress"
  >
    <span
      className="css-yt6nys dot"
    >
      <img
        className="css-va7boi icon"
        draggable={false}
        src="foo.png"
      />
    </span>
  </div>
  <div
    className="css-1ubr59k progress"
  >
    <span
      className="css-yt6nys dot"
    >
      <img
        className="css-q037tf icon"
        draggable={false}
        src="bar.png"
      />
    </span>
  </div>
  <div
    className="css-qfp31e"
  />
</div>
`;
