// Jest Snapshot v1, https://goo.gl/fbAQLP

exports[`MultiSlider.js matches the snapshot 1`] = `
<div
  className="css-pbel19"
  height={14}
  onMouseDown={[Function]}
  onMouseLeave={[Function]}
  onMouseMove={[Function]}
  onMouseUp={[Function]}
  readOnly={false}
  width="100%"
>
  <div />
  <div
    className="css-1srlg56"
    size={50}
  />
</div>
`;
