// Jest Snapshot v1, https://goo.gl/fbAQLP

exports[`Slider.js matches the snapshot 1`] = `
<div
  className="css-p5eloh"
  height={20}
  onMouseDown={[Function]}
  onMouseLeave={[Function]}
  onMouseMove={[Function]}
  onMouseUp={[Function]}
  onSlide={[Function]}
  onTouchCancel={[Function]}
  onTouchEnd={[Function]}
  onTouchMove={[Function]}
  onTouchStart={[Function]}
  readOnly={false}
  width={1000}
>
  Foo
</div>
`;
